172.68.144.170 - - [03/Jun/2018:02:28:27 +0700] "GET /index.php HTTP/1.1" 500 262 "-" "Mozilla/5.0 (X11; Ubuntu; Linux x86_64; rv:60.0) Gecko/20100101 Firefox/60.0"
172.68.144.170 - - [03/Jun/2018:02:28:30 +0700] "GET /index.php HTTP/1.1" 500 262 "-" "Mozilla/5.0 (X11; Ubuntu; Linux x86_64; rv:60.0) Gecko/20100101 Firefox/60.0"
162.158.165.221 - - [03/Jun/2018:02:30:08 +0700] "POST /wp-cron.php?doing_wp_cron=1527967807.3472509384155273437500 HTTP/1.1" 500 262 "https://blog.ammarfaizi.net/wp-cron.php?doing_wp_cron=1527967807.3472509384155273437500" "WordPress/4.9.6; https://blog.ammarfaizi.net"
172.68.144.170 - - [03/Jun/2018:02:30:32 +0700] "GET /adminer.php?username=root&privileges= HTTP/1.1" 200 2183 "https://blog.ammarfaizi.net/adminer.php?username=root&select=wp1_commentmeta" "Mozilla/5.0 (X11; Ubuntu; Linux x86_64; rv:60.0) Gecko/20100101 Firefox/60.0"
172.68.144.170 - - [03/Jun/2018:02:30:42 +0700] "GET /adminer.php?username=root&user= HTTP/1.1" 200 3668 "https://blog.ammarfaizi.net/adminer.php?username=root&privileges=" "Mozilla/5.0 (X11; Ubuntu; Linux x86_64; rv:60.0) Gecko/20100101 Firefox/60.0"
172.68.144.170 - - [03/Jun/2018:02:30:44 +0700] "GET /adminer.php?file=default.css&version=4.6.2 HTTP/1.1" 200 6764 "https://blog.ammarfaizi.net/adminer.php?username=root&user=" "Mozilla/5.0 (X11; Ubuntu; Linux x86_64; rv:60.0) Gecko/20100101 Firefox/60.0"
172.68.144.170 - - [03/Jun/2018:02:30:52 +0700] "POST /adminer.php?username=root&user= HTTP/1.1" 200 3960 "https://blog.ammarfaizi.net/adminer.php?username=root&user=" "Mozilla/5.0 (X11; Ubuntu; Linux x86_64; rv:60.0) Gecko/20100101 Firefox/60.0"
172.68.144.170 - - [03/Jun/2018:02:30:57 +0700] "GET /adminer.php?username=root&sql= HTTP/1.1" 200 2491 "https://blog.ammarfaizi.net/adminer.php?username=root&user=" "Mozilla/5.0 (X11; Ubuntu; Linux x86_64; rv:60.0) Gecko/20100101 Firefox/60.0"
172.68.144.170 - - [03/Jun/2018:02:31:03 +0700] "POST /adminer.php?username=root&sql= HTTP/1.1" 200 2615 "https://blog.ammarfaizi.net/adminer.php?username=root&sql=" "Mozilla/5.0 (X11; Ubuntu; Linux x86_64; rv:60.0) Gecko/20100101 Firefox/60.0"
172.68.144.170 - - [03/Jun/2018:02:31:05 +0700] "GET /adminer.php?username=root HTTP/1.1" 200 2954 "https://blog.ammarfaizi.net/adminer.php?username=root&sql=" "Mozilla/5.0 (X11; Ubuntu; Linux x86_64; rv:60.0) Gecko/20100101 Firefox/60.0"
172.68.144.170 - - [03/Jun/2018:02:31:07 +0700] "GET /adminer.php?username=root&privileges= HTTP/1.1" 200 2194 "https://blog.ammarfaizi.net/adminer.php?username=root" "Mozilla/5.0 (X11; Ubuntu; Linux x86_64; rv:60.0) Gecko/20100101 Firefox/60.0"
172.68.144.170 - - [03/Jun/2018:02:31:10 +0700] "GET /adminer.php?username=root&user=blog&host=%25 HTTP/1.1" 200 3713 "https://blog.ammarfaizi.net/adminer.php?username=root&privileges=" "Mozilla/5.0 (X11; Ubuntu; Linux x86_64; rv:60.0) Gecko/20100101 Firefox/60.0"
172.68.144.170 - - [03/Jun/2018:02:31:18 +0700] "POST /adminer.php?username=root&user=blog&host=%25 HTTP/1.1" 302 5 "https://blog.ammarfaizi.net/adminer.php?username=root&user=blog&host=%25" "Mozilla/5.0 (X11; Ubuntu; Linux x86_64; rv:60.0) Gecko/20100101 Firefox/60.0"
172.68.144.170 - - [03/Jun/2018:02:31:19 +0700] "GET /adminer.php?username=root&privileges= HTTP/1.1" 200 2235 "https://blog.ammarfaizi.net/adminer.php?username=root&user=blog&host=%25" "Mozilla/5.0 (X11; Ubuntu; Linux x86_64; rv:60.0) Gecko/20100101 Firefox/60.0"
172.68.144.170 - - [03/Jun/2018:02:31:21 +0700] "GET /adminer.php?username=root&user=blog&host=%25 HTTP/1.1" 200 3711 "https://blog.ammarfaizi.net/adminer.php?username=root&privileges=" "Mozilla/5.0 (X11; Ubuntu; Linux x86_64; rv:60.0) Gecko/20100101 Firefox/60.0"
162.158.165.221 - - [03/Jun/2018:02:31:35 +0700] "POST /wp-cron.php?doing_wp_cron=1527967894.6246490478515625000000 HTTP/1.1" 500 262 "https://blog.ammarfaizi.net/wp-cron.php?doing_wp_cron=1527967894.6246490478515625000000" "WordPress/4.9.6; https://blog.ammarfaizi.net"
172.68.144.170 - - [03/Jun/2018:02:31:36 +0700] "POST /adminer.php?username=root&user=blog&host=%25 HTTP/1.1" 302 5 "https://blog.ammarfaizi.net/adminer.php?username=root&user=blog&host=%25" "Mozilla/5.0 (X11; Ubuntu; Linux x86_64; rv:60.0) Gecko/20100101 Firefox/60.0"
172.68.144.170 - - [03/Jun/2018:02:31:36 +0700] "GET /adminer.php?username=root&privileges= HTTP/1.1" 200 2473 "https://blog.ammarfaizi.net/adminer.php?username=root&user=blog&host=%25" "Mozilla/5.0 (X11; Ubuntu; Linux x86_64; rv:60.0) Gecko/20100101 Firefox/60.0"
172.68.144.170 - - [03/Jun/2018:02:31:39 +0700] "GET /adminer.php?username=root&user=blog&host=%25 HTTP/1.1" 200 3990 "https://blog.ammarfaizi.net/adminer.php?username=root&privileges=" "Mozilla/5.0 (X11; Ubuntu; Linux x86_64; rv:60.0) Gecko/20100101 Firefox/60.0"
172.68.144.170 - - [03/Jun/2018:02:31:44 +0700] "POST /adminer.php?username=root&user=blog&host=%25 HTTP/1.1" 302 5 "https://blog.ammarfaizi.net/adminer.php?username=root&user=blog&host=%25" "Mozilla/5.0 (X11; Ubuntu; Linux x86_64; rv:60.0) Gecko/20100101 Firefox/60.0"
172.68.144.170 - - [03/Jun/2018:02:31:44 +0700] "GET /adminer.php?username=root&privileges= HTTP/1.1" 200 2418 "https://blog.ammarfaizi.net/adminer.php?username=root&user=blog&host=%25" "Mozilla/5.0 (X11; Ubuntu; Linux x86_64; rv:60.0) Gecko/20100101 Firefox/60.0"
172.68.144.170 - - [03/Jun/2018:02:31:48 +0700] "GET /adminer.php?username=root&user=blog&host=%25 HTTP/1.1" 200 3986 "https://blog.ammarfaizi.net/adminer.php?username=root&privileges=" "Mozilla/5.0 (X11; Ubuntu; Linux x86_64; rv:60.0) Gecko/20100101 Firefox/60.0"
172.68.144.170 - - [03/Jun/2018:02:31:51 +0700] "GET /adminer.php?username=root&privileges= HTTP/1.1" 200 2196 "https://blog.ammarfaizi.net/adminer.php?username=root&user=blog&host=%25" "Mozilla/5.0 (X11; Ubuntu; Linux x86_64; rv:60.0) Gecko/20100101 Firefox/60.0"
172.69.69.29 - - [03/Jun/2018:02:31:59 +0700] "POST /wp-cron.php?doing_wp_cron=1527967918.7719190120697021484375 HTTP/1.1" 200 31 "https://blog.ammarfaizi.net/wp-cron.php?doing_wp_cron=1527967918.7719190120697021484375" "WordPress/4.9.6; https://blog.ammarfaizi.net"
172.68.144.170 - - [03/Jun/2018:02:31:59 +0700] "GET /index.php HTTP/1.1" 301 5 "-" "Mozilla/5.0 (X11; Ubuntu; Linux x86_64; rv:60.0) Gecko/20100101 Firefox/60.0"
172.68.144.170 - - [03/Jun/2018:02:32:00 +0700] "GET / HTTP/1.1" 200 23453 "-" "Mozilla/5.0 (X11; Ubuntu; Linux x86_64; rv:60.0) Gecko/20100101 Firefox/60.0"
162.158.166.6 - - [03/Jun/2018:02:32:02 +0700] "GET /wp-includes/css/admin-bar.min.css?ver=4.9.6 HTTP/1.1" 200 20214 "https://blog.ammarfaizi.net/" "Mozilla/5.0 (X11; Ubuntu; Linux x86_64; rv:60.0) Gecko/20100101 Firefox/60.0"
172.69.134.4 - - [03/Jun/2018:02:32:02 +0700] "GET /wp-includes/css/dashicons.min.css?ver=4.9.6 HTTP/1.1" 200 46360 "https://blog.ammarfaizi.net/" "Mozilla/5.0 (X11; Ubuntu; Linux x86_64; rv:60.0) Gecko/20100101 Firefox/60.0"
172.68.144.26 - - [03/Jun/2018:02:32:03 +0700] "GET /wp-includes/js/admin-bar.min.js?ver=4.9.6 HTTP/1.1" 200 7188 "https://blog.ammarfaizi.net/" "Mozilla/5.0 (X11; Ubuntu; Linux x86_64; rv:60.0) Gecko/20100101 Firefox/60.0"
172.68.144.170 - - [03/Jun/2018:02:32:22 +0700] "GET /php/substr/ HTTP/1.1" 200 24217 "https://blog.ammarfaizi.net/" "Mozilla/5.0 (X11; Ubuntu; Linux x86_64; rv:60.0) Gecko/20100101 Firefox/60.0"
162.158.165.221 - - [03/Jun/2018:02:33:50 +0700] "POST /wp-cron.php?doing_wp_cron=1527968029.9299108982086181640625 HTTP/1.1" 200 31 "https://blog.ammarfaizi.net/wp-cron.php?doing_wp_cron=1527968029.9299108982086181640625" "WordPress/4.9.6; https://blog.ammarfaizi.net"
172.68.144.170 - - [03/Jun/2018:02:34:25 +0700] "GET /php/substr/ HTTP/1.1" 200 24216 "https://blog.ammarfaizi.net/" "Mozilla/5.0 (X11; Ubuntu; Linux x86_64; rv:60.0) Gecko/20100101 Firefox/60.0"
162.158.165.41 - - [03/Jun/2018:02:34:27 +0700] "GET /php/substr/ HTTP/1.1" 200 24216 "https://blog.ammarfaizi.net/" "Mozilla/5.0 (X11; Ubuntu; Linux x86_64; rv:60.0) Gecko/20100101 Firefox/60.0"
162.158.165.41 - - [03/Jun/2018:02:34:29 +0700] "GET /php/substr/ HTTP/1.1" 200 24217 "https://blog.ammarfaizi.net/" "Mozilla/5.0 (X11; Ubuntu; Linux x86_64; rv:60.0) Gecko/20100101 Firefox/60.0"
162.158.165.41 - - [03/Jun/2018:02:35:01 +0700] "GET /php/substr/ HTTP/1.1" 200 24219 "https://blog.ammarfaizi.net/" "Mozilla/5.0 (X11; Ubuntu; Linux x86_64; rv:60.0) Gecko/20100101 Firefox/60.0"
162.158.165.41 - - [03/Jun/2018:02:35:06 +0700] "GET /php/substr/ HTTP/1.1" 200 24218 "-" "Mozilla/5.0 (X11; Ubuntu; Linux x86_64; rv:60.0) Gecko/20100101 Firefox/60.0"
162.158.165.41 - - [03/Jun/2018:02:35:19 +0700] "GET /adminer.php?username=root HTTP/1.1" 200 2955 "https://blog.ammarfaizi.net/adminer.php?username=root&privileges=" "Mozilla/5.0 (X11; Ubuntu; Linux x86_64; rv:60.0) Gecko/20100101 Firefox/60.0"
162.158.165.41 - - [03/Jun/2018:02:35:20 +0700] "GET /adminer.php?file=default.css&version=4.6.2 HTTP/1.1" 200 6764 "https://blog.ammarfaizi.net/adminer.php?username=root" "Mozilla/5.0 (X11; Ubuntu; Linux x86_64; rv:60.0) Gecko/20100101 Firefox/60.0"
162.158.165.41 - - [03/Jun/2018:02:35:34 +0700] "GET /wp-admin/about.php HTTP/1.1" 200 10620 "https://blog.ammarfaizi.net/php/substr/" "Mozilla/5.0 (X11; Ubuntu; Linux x86_64; rv:60.0) Gecko/20100101 Firefox/60.0"
162.158.165.41 - - [03/Jun/2018:02:35:35 +0700] "GET /wp-admin/load-scripts.php?c=1&load%5B%5D=hoverIntent,common,admin-bar,underscore,svg-painter,heartbeat,wp-auth-check&ver=4.9.6 HTTP/1.1" 200 18799 "https://blog.ammarfaizi.net/wp-admin/about.php" "Mozilla/5.0 (X11; Ubuntu; Linux x86_64; rv:60.0) Gecko/20100101 Firefox/60.0"
162.158.165.41 - - [03/Jun/2018:02:35:36 +0700] "GET /wp-admin/load-styles.php?c=1&dir=ltr&load%5B%5D=dashicons,admin-bar,common,forms,admin-menu,dashboard,list-tables,edit,revisions,media,themes,about,nav-menus,wp-pointer,widgets&load%5B%5D=,site-icon,l10n,buttons,wp-auth-check&ver=4.9.6 HTTP/1.1" 200 95829 "https://blog.ammarfaizi.net/wp-admin/about.php" "Mozilla/5.0 (X11; Ubuntu; Linux x86_64; rv:60.0) Gecko/20100101 Firefox/60.0"
172.68.146.225 - - [03/Jun/2018:02:35:37 +0700] "GET /wp-admin/images/w-logo-white.png?ver=20160308 HTTP/1.1" 200 5395 "https://blog.ammarfaizi.net/wp-admin/load-styles.php?c=1&dir=ltr&load%5B%5D=dashicons,admin-bar,common,forms,admin-menu,dashboard,list-tables,edit,revisions,media,themes,about,nav-menus,wp-pointer,widgets&load%5B%5D=,site-icon,l10n,buttons,wp-auth-check&ver=4.9.6" "Mozilla/5.0 (X11; Ubuntu; Linux x86_64; rv:60.0) Gecko/20100101 Firefox/60.0"
162.158.165.251 - - [03/Jun/2018:02:35:38 +0700] "GET /wp-admin/images/wordpress-logo-white.svg?ver=20160308 HTTP/1.1" 200 1639 "https://blog.ammarfaizi.net/wp-admin/load-styles.php?c=1&dir=ltr&load%5B%5D=dashicons,admin-bar,common,forms,admin-menu,dashboard,list-tables,edit,revisions,media,themes,about,nav-menus,wp-pointer,widgets&load%5B%5D=,site-icon,l10n,buttons,wp-auth-check&ver=4.9.6" "Mozilla/5.0 (X11; Ubuntu; Linux x86_64; rv:60.0) Gecko/20100101 Firefox/60.0"
162.158.165.41 - - [03/Jun/2018:02:35:44 +0700] "GET /wp-admin/credits.php HTTP/1.1" 200 18504 "https://blog.ammarfaizi.net/wp-admin/about.php" "Mozilla/5.0 (X11; Ubuntu; Linux x86_64; rv:60.0) Gecko/20100101 Firefox/60.0"
162.158.165.41 - - [03/Jun/2018:02:35:47 +0700] "GET /wp-admin/about.php HTTP/1.1" 200 10620 "https://blog.ammarfaizi.net/wp-admin/credits.php" "Mozilla/5.0 (X11; Ubuntu; Linux x86_64; rv:60.0) Gecko/20100101 Firefox/60.0"
162.158.165.41 - - [03/Jun/2018:02:35:51 +0700] "GET /wp-admin/plugins.php HTTP/1.1" 200 12826 "https://blog.ammarfaizi.net/wp-admin/about.php" "Mozilla/5.0 (X11; Ubuntu; Linux x86_64; rv:60.0) Gecko/20100101 Firefox/60.0"
162.158.165.41 - - [03/Jun/2018:02:35:52 +0700] "GET /wp-admin/load-scripts.php?c=1&load%5B%5D=hoverIntent,common,admin-bar,underscore,wp-util,wp-a11y,updates,jquery-ui-core,thickbox,plugin-install,svg-painter,heartbeat,wp-&load%5B%5D=auth-check&ver=4.9.6 HTTP/1.1" 200 34458 "https://blog.ammarfaizi.net/wp-admin/plugins.php" "Mozilla/5.0 (X11; Ubuntu; Linux x86_64; rv:60.0) Gecko/20100101 Firefox/60.0"
162.158.166.162 - - [03/Jun/2018:02:35:53 +0700] "GET /wp-includes/js/thickbox/thickbox.css?ver=4.9.6 HTTP/1.1" 200 2658 "https://blog.ammarfaizi.net/wp-admin/plugins.php" "Mozilla/5.0 (X11; Ubuntu; Linux x86_64; rv:60.0) Gecko/20100101 Firefox/60.0"
162.158.166.252 - - [03/Jun/2018:02:35:54 +0700] "GET /wp-admin/images/spinner.gif HTTP/1.1" 200 4162 "https://blog.ammarfaizi.net/wp-admin/load-styles.php?c=1&dir=ltr&load%5B%5D=dashicons,admin-bar,common,forms,admin-menu,dashboard,list-tables,edit,revisions,media,themes,about,nav-menus,wp-pointer,widgets&load%5B%5D=,site-icon,l10n,buttons,wp-auth-check&ver=4.9.6" "Mozilla/5.0 (X11; Ubuntu; Linux x86_64; rv:60.0) Gecko/20100101 Firefox/60.0"
162.158.166.66 - - [03/Jun/2018:02:35:57 +0700] "GET /wp-includes/js/thickbox/loadingAnimation.gif HTTP/1.1" 200 15238 "https://blog.ammarfaizi.net/wp-admin/plugins.php" "Mozilla/5.0 (X11; Ubuntu; Linux x86_64; rv:60.0) Gecko/20100101 Firefox/60.0"
162.158.165.41 - - [03/Jun/2018:02:36:46 +0700] "GET /wp-admin/plugins.php HTTP/1.1" 200 12825 "https://blog.ammarfaizi.net/wp-admin/about.php" "Mozilla/5.0 (X11; Ubuntu; Linux x86_64; rv:60.0) Gecko/20100101 Firefox/60.0"
162.158.165.41 - - [03/Jun/2018:02:36:47 +0700] "GET /wp-admin/load-scripts.php?c=1&load%5B%5D=jquery-core,jquery-migrate,utils&ver=4.9.6 HTTP/1.1" 200 41573 "https://blog.ammarfaizi.net/wp-admin/plugins.php" "Mozilla/5.0 (X11; Ubuntu; Linux x86_64; rv:60.0) Gecko/20100101 Firefox/60.0"
162.158.166.162 - - [03/Jun/2018:02:36:47 +0700] "GET /wp-includes/js/thickbox/thickbox.css?ver=4.9.6 HTTP/1.1" 304 0 "https://blog.ammarfaizi.net/wp-admin/plugins.php" "Mozilla/5.0 (X11; Ubuntu; Linux x86_64; rv:60.0) Gecko/20100101 Firefox/60.0"
162.158.165.41 - - [03/Jun/2018:02:36:48 +0700] "GET /wp-admin/load-styles.php?c=1&dir=ltr&load%5B%5D=dashicons,admin-bar,common,forms,admin-menu,dashboard,list-tables,edit,revisions,media,themes,about,nav-menus,wp-pointer,widgets&load%5B%5D=,site-icon,l10n,buttons,wp-auth-check&ver=4.9.6 HTTP/1.1" 200 95821 "https://blog.ammarfaizi.net/wp-admin/plugins.php" "Mozilla/5.0 (X11; Ubuntu; Linux x86_64; rv:60.0) Gecko/20100101 Firefox/60.0"
162.158.165.41 - - [03/Jun/2018:02:36:48 +0700] "GET /wp-admin/load-scripts.php?c=1&load%5B%5D=hoverIntent,common,admin-bar,underscore,wp-util,wp-a11y,updates,jquery-ui-core,thickbox,plugin-install,svg-painter,heartbeat,wp-&load%5B%5D=auth-check&ver=4.9.6 HTTP/1.1" 200 34427 "https://blog.ammarfaizi.net/wp-admin/plugins.php" "Mozilla/5.0 (X11; Ubuntu; Linux x86_64; rv:60.0) Gecko/20100101 Firefox/60.0"
162.158.165.41 - - [03/Jun/2018:02:36:57 +0700] "GET /wp-admin/plugins.php HTTP/1.1" 200 12825 "https://blog.ammarfaizi.net/wp-admin/about.php" "Mozilla/5.0 (X11; Ubuntu; Linux x86_64; rv:60.0) Gecko/20100101 Firefox/60.0"
162.158.165.41 - - [03/Jun/2018:02:36:59 +0700] "GET /wp-admin/load-styles.php?c=1&dir=ltr&load%5B%5D=dashicons,admin-bar,common,forms,admin-menu,dashboard,list-tables,edit,revisions,media,themes,about,nav-menus,wp-pointer,widgets&load%5B%5D=,site-icon,l10n,buttons,wp-auth-check&ver=4.9.6 HTTP/1.1" 200 95829 "https://blog.ammarfaizi.net/wp-admin/plugins.php" "Mozilla/5.0 (X11; Ubuntu; Linux x86_64; rv:60.0) Gecko/20100101 Firefox/60.0"
162.158.165.41 - - [03/Jun/2018:02:36:59 +0700] "GET /wp-admin/load-scripts.php?c=1&load%5B%5D=jquery-core,jquery-migrate,utils&ver=4.9.6 HTTP/1.1" 200 41589 "https://blog.ammarfaizi.net/wp-admin/plugins.php" "Mozilla/5.0 (X11; Ubuntu; Linux x86_64; rv:60.0) Gecko/20100101 Firefox/60.0"
162.158.166.162 - - [03/Jun/2018:02:36:59 +0700] "GET /wp-includes/js/thickbox/thickbox.css?ver=4.9.6 HTTP/1.1" 200 2658 "https://blog.ammarfaizi.net/wp-admin/plugins.php" "Mozilla/5.0 (X11; Ubuntu; Linux x86_64; rv:60.0) Gecko/20100101 Firefox/60.0"
162.158.165.41 - - [03/Jun/2018:02:36:59 +0700] "GET /wp-admin/load-scripts.php?c=1&load%5B%5D=hoverIntent,common,admin-bar,underscore,wp-util,wp-a11y,updates,jquery-ui-core,thickbox,plugin-install,svg-painter,heartbeat,wp-&load%5B%5D=auth-check&ver=4.9.6 HTTP/1.1" 200 34443 "https://blog.ammarfaizi.net/wp-admin/plugins.php" "Mozilla/5.0 (X11; Ubuntu; Linux x86_64; rv:60.0) Gecko/20100101 Firefox/60.0"
162.158.165.41 - - [03/Jun/2018:02:37:08 +0700] "GET /wp-admin/plugins.php?action=activate&plugin=akismet%2Fakismet.php&plugin_status=all&paged=1&s&_wpnonce=0b070c3107 HTTP/1.1" 302 5 "https://blog.ammarfaizi.net/wp-admin/plugins.php" "Mozilla/5.0 (X11; Ubuntu; Linux x86_64; rv:60.0) Gecko/20100101 Firefox/60.0"
162.158.165.41 - - [03/Jun/2018:02:37:09 +0700] "GET /wp-admin/plugins.php?activate=true&plugin_status=all&paged=1&s= HTTP/1.1" 200 13351 "https://blog.ammarfaizi.net/wp-admin/plugins.php" "Mozilla/5.0 (X11; Ubuntu; Linux x86_64; rv:60.0) Gecko/20100101 Firefox/60.0"
162.158.165.113 - - [03/Jun/2018:02:37:10 +0700] "GET /wp-content/plugins/akismet/_inc/akismet.css?ver=4.0.3 HTTP/1.1" 200 11563 "https://blog.ammarfaizi.net/wp-admin/plugins.php?activate=true&plugin_status=all&paged=1&s=" "Mozilla/5.0 (X11; Ubuntu; Linux x86_64; rv:60.0) Gecko/20100101 Firefox/60.0"
162.158.166.90 - - [03/Jun/2018:02:37:10 +0700] "GET /wp-content/plugins/akismet/_inc/akismet.js?ver=4.0.3 HTTP/1.1" 200 9562 "https://blog.ammarfaizi.net/wp-admin/plugins.php?activate=true&plugin_status=all&paged=1&s=" "Mozilla/5.0 (X11; Ubuntu; Linux x86_64; rv:60.0) Gecko/20100101 Firefox/60.0"
162.158.165.41 - - [03/Jun/2018:02:37:44 +0700] "POST /wp-admin/admin-ajax.php HTTP/1.1" 200 194 "https://blog.ammarfaizi.net/wp-admin/plugins.php?plugin_status=all&paged=1&s" "Mozilla/5.0 (X11; Ubuntu; Linux x86_64; rv:60.0) Gecko/20100101 Firefox/60.0"
162.158.165.41 - - [03/Jun/2018:02:38:01 +0700] "POST /wp-admin/admin-ajax.php HTTP/1.1" 200 123 "https://blog.ammarfaizi.net/wp-admin/plugins.php?plugin_status=all&paged=1&s" "Mozilla/5.0 (X11; Ubuntu; Linux x86_64; rv:60.0) Gecko/20100101 Firefox/60.0"
162.158.165.41 - - [03/Jun/2018:02:38:06 +0700] "GET /wp-admin/plugin-install.php HTTP/1.1" 200 16037 "https://blog.ammarfaizi.net/wp-admin/plugins.php?plugin_status=all&paged=1&s" "Mozilla/5.0 (X11; Ubuntu; Linux x86_64; rv:60.0) Gecko/20100101 Firefox/60.0"
162.158.165.41 - - [03/Jun/2018:02:38:08 +0700] "GET /wp-admin/load-scripts.php?c=1&load%5B%5D=hoverIntent,common,admin-bar,jquery-ui-core,thickbox,plugin-install,underscore,wp-util,wp-a11y,updates,svg-painter,heartbeat,wp-&load%5B%5D=auth-check&ver=4.9.6 HTTP/1.1" 200 34369 "https://blog.ammarfaizi.net/wp-admin/plugin-install.php" "Mozilla/5.0 (X11; Ubuntu; Linux x86_64; rv:60.0) Gecko/20100101 Firefox/60.0"
162.158.165.41 - - [03/Jun/2018:02:38:39 +0700] "POST /wp-admin/admin-ajax.php HTTP/1.1" 200 245 "https://blog.ammarfaizi.net/wp-admin/plugin-install.php" "Mozilla/5.0 (X11; Ubuntu; Linux x86_64; rv:60.0) Gecko/20100101 Firefox/60.0"
162.158.165.41 - - [03/Jun/2018:02:38:45 +0700] "POST /wp-admin/admin-ajax.php HTTP/1.1" 200 250 "https://blog.ammarfaizi.net/wp-admin/plugin-install.php" "Mozilla/5.0 (X11; Ubuntu; Linux x86_64; rv:60.0) Gecko/20100101 Firefox/60.0"
162.158.165.41 - - [03/Jun/2018:02:39:10 +0700] "POST /wp-admin/admin-ajax.php HTTP/1.1" 200 58 "https://blog.ammarfaizi.net/wp-admin/plugin-install.php" "Mozilla/5.0 (X11; Ubuntu; Linux x86_64; rv:60.0) Gecko/20100101 Firefox/60.0"
172.69.69.29 - - [03/Jun/2018:02:39:12 +0700] "GET /wp-content/cache/ HTTP/1.1" 403 152 "https://blog.ammarfaizi.net/wp-content/cache/" "WordPress/4.9.6; https://blog.ammarfaizi.net"
162.158.165.41 - - [03/Jun/2018:02:39:12 +0700] "GET /wp-admin/plugins.php?_wpnonce=1ec225d2d3&action=activate&plugin=wp-super-cache/wp-cache.php HTTP/1.1" 302 5 "https://blog.ammarfaizi.net/wp-admin/plugin-install.php" "Mozilla/5.0 (X11; Ubuntu; Linux x86_64; rv:60.0) Gecko/20100101 Firefox/60.0"
162.158.165.41 - - [03/Jun/2018:02:39:14 +0700] "GET /wp-admin/plugins.php?activate=true&plugin_status=all&paged=1&s= HTTP/1.1" 200 13425 "https://blog.ammarfaizi.net/wp-admin/plugin-install.php" "Mozilla/5.0 (X11; Ubuntu; Linux x86_64; rv:60.0) Gecko/20100101 Firefox/60.0"
162.158.166.66 - - [03/Jun/2018:02:39:16 +0700] "GET /wp-content/plugins/akismet/_inc/akismet.css?ver=4.0.7 HTTP/1.1" 200 11614 "https://blog.ammarfaizi.net/wp-admin/plugins.php?activate=true&plugin_status=all&paged=1&s=" "Mozilla/5.0 (X11; Ubuntu; Linux x86_64; rv:60.0) Gecko/20100101 Firefox/60.0"
172.68.146.93 - - [03/Jun/2018:02:39:17 +0700] "GET /wp-content/plugins/akismet/_inc/akismet.js?ver=4.0.7 HTTP/1.1" 200 9928 "https://blog.ammarfaizi.net/wp-admin/plugins.php?activate=true&plugin_status=all&paged=1&s=" "Mozilla/5.0 (X11; Ubuntu; Linux x86_64; rv:60.0) Gecko/20100101 Firefox/60.0"
162.158.165.41 - - [03/Jun/2018:02:39:22 +0700] "GET /wp-admin/plugins.php?action=activate&plugin=jetpack%2Fjetpack.php&plugin_status=all&paged=1&s&_wpnonce=7716b3aeb3 HTTP/1.1" 302 5 "https://blog.ammarfaizi.net/wp-admin/plugins.php?plugin_status=all&paged=1&s" "Mozilla/5.0 (X11; Ubuntu; Linux x86_64; rv:60.0) Gecko/20100101 Firefox/60.0"
172.69.69.29 - - [03/Jun/2018:02:39:23 +0700] "POST /wp-cron.php?doing_wp_cron=1527968363.0945799350738525390625 HTTP/1.1" 200 31 "https://blog.ammarfaizi.net/wp-cron.php?doing_wp_cron=1527968363.0945799350738525390625" "WordPress/4.9.6; https://blog.ammarfaizi.net"
162.158.165.41 - - [03/Jun/2018:02:39:23 +0700] "GET /wp-admin/plugins.php?activate=true&plugin_status=all&paged=1&s= HTTP/1.1" 200 20433 "https://blog.ammarfaizi.net/wp-admin/plugins.php?plugin_status=all&paged=1&s" "Mozilla/5.0 (X11; Ubuntu; Linux x86_64; rv:60.0) Gecko/20100101 Firefox/60.0"
172.69.134.208 - - [03/Jun/2018:02:39:25 +0700] "GET /wp-content/plugins/jetpack/css/jetpack-icons.min.css?ver=6.1.1 HTTP/1.1" 200 866 "https://blog.ammarfaizi.net/wp-admin/plugins.php?activate=true&plugin_status=all&paged=1&s=" "Mozilla/5.0 (X11; Ubuntu; Linux x86_64; rv:60.0) Gecko/20100101 Firefox/60.0"
162.158.166.96 - - [03/Jun/2018:02:39:25 +0700] "GET /wp-content/plugins/jetpack/images/customize-theme.svg HTTP/1.1" 200 14238 "https://blog.ammarfaizi.net/wp-admin/plugins.php?activate=true&plugin_status=all&paged=1&s=" "Mozilla/5.0 (X11; Ubuntu; Linux x86_64; rv:60.0) Gecko/20100101 Firefox/60.0"
162.158.166.210 - - [03/Jun/2018:02:39:25 +0700] "GET /wp-content/plugins/jetpack/_inc/build/jetpack-connection-banner.min.js?ver=6.1.1 HTTP/1.1" 200 1376 "https://blog.ammarfaizi.net/wp-admin/plugins.php?activate=true&plugin_status=all&paged=1&s=" "Mozilla/5.0 (X11; Ubuntu; Linux x86_64; rv:60.0) Gecko/20100101 Firefox/60.0"
162.158.165.35 - - [03/Jun/2018:02:39:25 +0700] "GET /wp-content/plugins/jetpack/css/jetpack-banners.min.css?ver=6.1.1-20121016 HTTP/1.1" 200 6099 "https://blog.ammarfaizi.net/wp-admin/plugins.php?activate=true&plugin_status=all&paged=1&s=" "Mozilla/5.0 (X11; Ubuntu; Linux x86_64; rv:60.0) Gecko/20100101 Firefox/60.0"
172.68.144.164 - - [03/Jun/2018:02:39:25 +0700] "GET /wp-content/plugins/jetpack/images/cloud-based.svg HTTP/1.1" 200 4912 "https://blog.ammarfaizi.net/wp-admin/plugins.php?activate=true&plugin_status=all&paged=1&s=" "Mozilla/5.0 (X11; Ubuntu; Linux x86_64; rv:60.0) Gecko/20100101 Firefox/60.0"
162.158.167.109 - - [03/Jun/2018:02:39:25 +0700] "GET /wp-content/plugins/jetpack/images/security.svg HTTP/1.1" 200 5778 "https://blog.ammarfaizi.net/wp-admin/plugins.php?activate=true&plugin_status=all&paged=1&s=" "Mozilla/5.0 (X11; Ubuntu; Linux x86_64; rv:60.0) Gecko/20100101 Firefox/60.0"
162.158.166.192 - - [03/Jun/2018:02:39:25 +0700] "GET /wp-content/plugins/jetpack/images/customize-theme-2.svg HTTP/1.1" 200 14978 "https://blog.ammarfaizi.net/wp-admin/plugins.php?activate=true&plugin_status=all&paged=1&s=" "Mozilla/5.0 (X11; Ubuntu; Linux x86_64; rv:60.0) Gecko/20100101 Firefox/60.0"
172.68.146.111 - - [03/Jun/2018:02:39:25 +0700] "GET /wp-content/plugins/jetpack/images/apps.svg HTTP/1.1" 200 5156 "https://blog.ammarfaizi.net/wp-admin/plugins.php?activate=true&plugin_status=all&paged=1&s=" "Mozilla/5.0 (X11; Ubuntu; Linux x86_64; rv:60.0) Gecko/20100101 Firefox/60.0"
162.158.167.103 - - [03/Jun/2018:02:39:25 +0700] "GET /wp-content/plugins/jetpack/images/stats-people.svg HTTP/1.1" 200 16424 "https://blog.ammarfaizi.net/wp-admin/plugins.php?activate=true&plugin_status=all&paged=1&s=" "Mozilla/5.0 (X11; Ubuntu; Linux x86_64; rv:60.0) Gecko/20100101 Firefox/60.0"
172.68.146.135 - - [03/Jun/2018:02:39:25 +0700] "GET /wp-content/plugins/jetpack/images/jetpack-welcome.svg HTTP/1.1" 200 19484 "https://blog.ammarfaizi.net/wp-admin/plugins.php?activate=true&plugin_status=all&paged=1&s=" "Mozilla/5.0 (X11; Ubuntu; Linux x86_64; rv:60.0) Gecko/20100101 Firefox/60.0"
162.158.167.133 - - [03/Jun/2018:02:39:26 +0700] "GET /wp-content/plugins/jetpack/_inc/build/admin.dops-style.css?ver=6.1.1 HTTP/1.1" 200 79595 "https://blog.ammarfaizi.net/wp-admin/plugins.php?activate=true&plugin_status=all&paged=1&s=" "Mozilla/5.0 (X11; Ubuntu; Linux x86_64; rv:60.0) Gecko/20100101 Firefox/60.0"
172.69.134.76 - - [03/Jun/2018:02:39:27 +0700] "GET /wp-content/plugins/jetpack/_inc/fonts/jetpack/jetpack.woff HTTP/1.1" 200 1056 "https://blog.ammarfaizi.net/wp-content/plugins/jetpack/css/jetpack-icons.min.css?ver=6.1.1" "Mozilla/5.0 (X11; Ubuntu; Linux x86_64; rv:60.0) Gecko/20100101 Firefox/60.0"
